16:16:32 **** Incremental Build of configuration Debug for project oled ****
make -j24 all 
arm-none-eabi-gcc "../Core/Src/oled.c" -mcpu=cortex-m3 -std=gnu11 -g3 -DDEBUG -DUSE_HAL_DRIVER -DSTM32F103xB -c -I../Core/Inc -I../Drivers/STM32F1xx_HAL_Driver/Inc/Legacy -I../Drivers/STM32F1xx_HAL_Driver/Inc -I../Drivers/CMSIS/Device/ST/STM32F1xx/Include -I../Drivers/CMSIS/Include -O0 -ffunction-sections -fdata-sections -Wall -fstack-usage -fcyclomatic-complexity -MMD -MP -MF"Core/Src/oled.d" -MT"Core/Src/oled.o" --specs=nano.specs -mfloat-abi=soft -mthumb -o "Core/Src/oled.o"
arm-none-eabi-gcc -o "oled.elf" @"objects.list"   -mcpu=cortex-m3 -T"C:\Users\a\Desktop\.cqu\bot\code\oled\STM32F103C8TX_FLASH.ld" --specs=nosys.specs -Wl,-Map="oled.map" -Wl,--gc-sections -static --specs=nano.specs -mfloat-abi=soft -mthumb -Wl,--start-group -lc -lm -Wl,--end-group
Finished building target: oled.elf
 
arm-none-eabi-size  oled.elf 
arm-none-eabi-objdump -h -S oled.elf  > "oled.list"
   text	   data	    bss	    dec	    hex	filename
  12788	    104	   2000	  14892	   3a2c	oled.elf
Finished building: default.size.stdout
 
Finished building: oled.list
 

16:16:33 Build Finished. 0 errors, 0 warnings. (took 710ms)

